  console.log
    [S4-DB] All S/4HANA tables created: S4_EQUIPMENT, S4_FUNCTIONALLOCATION, S4_MAINTPLAN, S4_MAINTENANCENOTIFICATION, S4_MAINTENANCEORDER, S4_MAINTENANCEORDER_OPERATION, S4_MAINTPLAN_ITEM

      at log (src/v4/database/index.js:32:13)

  console.log
    [DB] All 11 SAP PM tables created successfully:

      at log (src/database/index.js:58:13)

  console.log
    [DB]   IFLOT, MARA, EQUI, QMEL, AUFK, AFKO, RESB, MSEG, MMPT, PLPO, IMPTT

      at log (src/database/index.js:59:13)

  console.log
    [DB] Database path: ./database.db

      at log (src/database/index.js:60:13)

GET	/sap/opu/odata/sap/API_MAINTNOTIFICATION/MaintenanceNotificationCollection	200	6.994 ms	2026-03-13T20:38:55.181Z
GET	/sap/opu/odata/sap/API_MAINTNOTIFICATION/MaintenanceNotificationCollection	200	2.800 ms	2026-03-13T20:38:55.204Z
GET	/sap/opu/odata/sap/API_MAINTNOTIFICATION/MaintenanceNotificationCollection?$filter=NotificationType%20eq%20%27M1%27	200	1.441 ms	2026-03-13T20:38:55.214Z
GET	/sap/opu/odata/sap/API_MAINTNOTIFICATION/MaintenanceNotificationCollection('NF-TEST-0001')	200	1.852 ms	2026-03-13T20:38:55.225Z
GET	/sap/opu/odata/sap/API_MAINTNOTIFICATION/MaintenanceNotificationCollection('NF-INVALID')	404	0.913 ms	2026-03-13T20:38:55.232Z
POST	/sap/opu/odata/sap/API_MAINTNOTIFICATION/MaintenanceNotificationCollection	400	0.506 ms	2026-03-13T20:38:55.253Z
POST	/sap/opu/odata/sap/API_MAINTNOTIFICATION/MaintenanceNotificationCollection	400	0.582 ms	2026-03-13T20:38:55.263Z
POST	/sap/opu/odata/sap/API_MAINTNOTIFICATION/MaintenanceNotificationCollection	201	19.154 ms	2026-03-13T20:38:55.290Z
PATCH	/sap/opu/odata/sap/API_MAINTNOTIFICATION/MaintenanceNotificationCollection('NF-20260313-0001')	200	17.198 ms	2026-03-13T20:38:55.314Z
POST	/sap/opu/odata/sap/API_MAINTNOTIFICATION/SetToInProcess	200	17.935 ms	2026-03-13T20:38:55.339Z
POST	/sap/opu/odata/sap/API_MAINTNOTIFICATION/SetToInProcess	400	0.551 ms	2026-03-13T20:38:55.345Z
POST	/sap/opu/odata/sap/API_MAINTNOTIFICATION/Complete	400	0.637 ms	2026-03-13T20:38:55.351Z
POST	/sap/opu/odata/sap/API_MAINTNOTIFICATION/Complete	200	14.762 ms	2026-03-13T20:38:55.370Z
POST	/sap/opu/odata/sap/API_MAINTNOTIFICATION/Postpone	200	16.090 ms	2026-03-13T20:38:55.392Z
POST	/sap/opu/odata/sap/API_MAINTNOTIFICATION/Postpone	400	0.508 ms	2026-03-13T20:38:55.399Z
GET	/sap/opu/odata/sap/API_MAINTNOTIFICATION/MaintenanceNotificationCollection('NF-TEST-0001')/to_MaintenanceOrder	200	0.987 ms	2026-03-13T20:38:55.405Z
node.exe : FAIL src/v4/
tests/maintNotification
.test.js
No linha:1 caractere:1
+ & "C:\Program 
Files\nodejs/node.exe" 
"C:\Program 
Files\nodejs/node_mo 
...
+ ~~~~~~~~~~~~~~~~~~~~~
~~~~~~~~~~~~~~~~~~~~~~~
~~~~~~~~~~~~~~~~~~~~~~~
~~
    + CategoryInfo     
         : NotSpecifi  
  ed: (FAIL src/v4/t   
 es...ication.test.    
js:String) [], Rem    
oteException
    + FullyQualifiedEr 
   rorId : NativeComm  
  andError
 
  S/4HANA 
API_MAINTNOTIFICATION 
Endpoints
    CSRF Token Fetch
      ÔêÜ should fetch 
a CSRF token (52 ms)
    GET /MaintenanceNot
ificationCollection
      ├ù should return 
a list of 
notifications (12 ms)
      ÔêÜ should 
filter notifications 
by NotificationType 
(10 ms)
    GET /MaintenanceNot
ificationCollection('{i
d}')
      ÔêÜ should 
return a single 
notification (9 ms)
      ÔêÜ should 
return 404 for 
non-existent 
notification (6 ms)
    POST /MaintenanceNo
tificationCollection
      ├ù should fail 
with missing required 
fields (23 ms)
      ÔêÜ should fail 
with invalid equipment 
FK (8 ms)
      ÔêÜ should 
create a notification 
with valid payload (26 
ms)
    PATCH /MaintenanceN
otificationCollection('
{id}')
      ÔêÜ should 
update a notification 
(24 ms)
    Function Imports 
(State Transitions)
      ÔêÜ should set 
an outstanding 
notification to In 
Process (25 ms)
      ÔêÜ should fail 
to set an in-process 
notification to In 
Process again (5 ms)
      ÔêÜ should fail 
to complete an 
outstanding 
notification (5 ms)
      ÔêÜ should 
complete an in-process 
notification (20 ms)
      ÔêÜ should 
postpone an 
outstanding 
notification (22 ms)
      ÔêÜ should fail 
to postpone a 
completed notification 
(6 ms)
    Navigation: 
to_MaintenanceOrder
      ÔêÜ should 
return orders linked 
to notification (6 ms)

  ÔùÅ S/4HANA 
API_MAINTNOTIFICATION 
Endpoints ÔÇ║ GET /Main
tenanceNotificationColl
ection ÔÇ║ should 
return a list of 
notifications

    expect(received).to
BeDefined()

    Received: undefined

    [0m [90m 81 
|[39m       
     [90m 82 |[39m   
    expect(res[33m.[3
9mbody[33m.[39md[33m
.[39mresults)[33m.[3
9mtoBeInstanceOf([33mA
rray[39m)[33m;[39m
    [31m[1m>[22m[39
m[90m 83 |[39m       
expect(res[33m.[39mbo
dy[33m.[39md[[32m'__
count'[39m])[33m.[39
mtoBeDefined()[33m;[3
9m
     [90m    |[39m   
                       
           
[31m[1m^[22m[39m
     [90m 84 |[39m   
  })[33m;[39m
     [90m 85 |[39m
     [90m 86 |[39m   
  it([32m'should 
filter notifications 
by NotificationType'[3
9m[33m,[39m 
[36masync[39m () 
[33m=>[39m {[0m

      at 
Object.toBeDefined (src
/v4/tests/maintNotifica
tion.test.js:83:37)

  ÔùÅ S/4HANA 
API_MAINTNOTIFICATION 
Endpoints ÔÇ║ POST /Mai
ntenanceNotificationCol
lection ÔÇ║ should 
fail with missing 
required fields

    expect(received).to
Contain(expected) // 
indexOf

    Expected value:  
"Missing required 
fields"
    Received object: 
{"lang": "en", 
"value": "Missing 
required fields: 
NotificationType, 
TechnicalObject"}

    [0m [90m 123 
|[39m         [33m.[
39mexpect([35m400[39m
)[33m;[39m
     [90m 124 |[39m  
     
    [31m[1m>[22m[39
m[90m 125 |[39m      
 expect(res[33m.[39mb
ody[33m.[39merror[33
m.[39mmessage)[33m.[
39mtoContain([32m'Miss
ing required fields'[3
9m)[33m;[39m
     [90m     |[39m  
                       
             
[31m[1m^[22m[39m
     [90m 126 |[39m  
   })[33m;[39m
     [90m 127 |[39m
     [90m 128 |[39m  
   it([32m'should 
fail with invalid 
equipment 
FK'[39m[33m,[39m 
[36masync[39m () 
[33m=>[39m {[0m

      at 
Object.toContain (src/v
4/tests/maintNotificati
on.test.js:125:38)

Test Suites: 1 failed, 
1 total
Tests:       2 failed, 
14 passed, 16 total
Snapshots:   0 total
Time:        1.93 s, 
estimated 2 s
Ran all test suites 
matching /src\\v4\\test
s\\maintNotification.te
st.js/i.
